// Jest Snapshot v1, https://goo.gl/fbAQLP

exports[`ChooseOption renders without errors 1`] = `
<div>
  <div
    class="MuiBox-root MuiBox-root-2"
  >
    <div
      class="MuiBox-root MuiBox-root-4"
    >
      <h6
        class="MuiTypography-root MuiTypography-h6"
      >
        title
      </h6>
    </div>
    <div
      class="MuiBox-root MuiBox-root-6"
    >
      <div
        class="MuiBox-root MuiBox-root-8"
      >
        <button
          class="MuiButtonBase-root MuiButton-root MuiButton-outlined"
          tabindex="0"
          type="button"
        >
          <span
            class="MuiButton-label"
          >
            test
          </span>
          <span
            class="MuiTouchRipple-root"
          />
        </button>
      </div>
      <div
        class="MuiBox-root MuiBox-root-10"
      >
        <button
          class="MuiButtonBase-root MuiButton-root MuiButton-outlined"
          tabindex="0"
          type="button"
        >
          <span
            class="MuiButton-label"
          >
            another test
          </span>
          <span
            class="MuiTouchRipple-root"
          />
        </button>
      </div>
    </div>
  </div>
</div>
`;
