// Jest Snapshot v1, https://goo.gl/fbAQLP

exports[`ChooseRoleAndProjectType renders without errors 1`] = `
<div>
  <div
    class="MuiBox-root MuiBox-root-2"
  >
    <div
      class="react-reveal"
    >
      <div
        class="MuiGrid-root MuiGrid-container MuiGrid-spacing-xs-1"
      >
        <div
          class="MuiGrid-root MuiGrid-item MuiGrid-grid-sm-12 MuiGrid-grid-lg-7"
        >
          <div
            class="MuiBox-root MuiBox-root-4"
          >
            <div
              class="MuiBox-root MuiBox-root-6"
            >
              <h6
                class="MuiTypography-root MuiTypography-h6"
              >
                Role
              </h6>
            </div>
            <div
              class="MuiBox-root MuiBox-root-8"
            >
              <div
                class="MuiBox-root MuiBox-root-10"
              >
                <button
                  class="MuiButtonBase-root MuiButton-root MuiButton-contained"
                  tabindex="0"
                  type="button"
                >
                  <span
                    class="MuiButton-label"
                  >
                    user
                  </span>
                  <span
                    class="MuiTouchRipple-root"
                  />
                </button>
              </div>
            </div>
          </div>
          <div
            class="MuiBox-root MuiBox-root-12"
          >
            <div
              class="MuiBox-root MuiBox-root-14"
            >
              <h6
                class="MuiTypography-root MuiTypography-h6"
              >
                Project Type
              </h6>
            </div>
            <div
              class="MuiBox-root MuiBox-root-16"
            >
              <div
                class="MuiBox-root MuiBox-root-18"
              >
                <button
                  class="MuiButtonBase-root MuiButton-root MuiButton-contained"
                  tabindex="0"
                  type="button"
                >
                  <span
                    class="MuiButton-label"
                  >
                    project
                  </span>
                  <span
                    class="MuiTouchRipple-root"
                  />
                </button>
              </div>
            </div>
          </div>
        </div>
        <div
          class="MuiGrid-root MuiGrid-item MuiGrid-grid-lg-5"
        >
          <div
            class="MuiBox-root MuiBox-root-20"
          >
            This is where all the "you are a ..." and "through this project you will develop..." To save on space we could use Icons for a lot of the technical skills
          </div>
        </div>
      </div>
    </div>
  </div>
</div>
`;
