// Jest Snapshot v1, https://goo.gl/fbAQLP

exports[`UserSteps renders without errors 1`] = `
<div>
  <div
    class="MuiPaper-root MuiStepper-root MuiStepper-horizontal MuiStepper-alternativeLabel MuiPaper-elevation0"
  >
    <div
      class="MuiStep-root MuiStep-horizontal MuiStep-alternativeLabel"
    >
      <span
        class="MuiStepLabel-root MuiStepLabel-horizontal MuiStepLabel-alternativeLabel"
      >
        <span
          class="MuiStepLabel-iconContainer MuiStepLabel-alternativeLabel"
        >
          <svg
            aria-hidden="true"
            class="MuiSvgIcon-root MuiStepIcon-root MuiStepIcon-active"
            focusable="false"
            viewBox="0 0 24 24"
          >
            <circle
              cx="12"
              cy="12"
              r="12"
            />
            <text
              class="MuiStepIcon-text"
              text-anchor="middle"
              x="12"
              y="16"
            >
              1
            </text>
          </svg>
        </span>
        <span
          class="MuiStepLabel-labelContainer"
        >
          <span
            class="MuiTypography-root MuiStepLabel-label MuiStepLabel-alternativeLabel MuiStepLabel-active MuiTypography-body2 MuiTypography-displayBlock"
          >
            0
          </span>
        </span>
      </span>
    </div>
    <div
      class="MuiStep-root MuiStep-horizontal MuiStep-alternativeLabel"
    >
      <div
        class="MuiStepConnector-root MuiStepConnector-horizontal MuiStepConnector-alternativeLabel Mui-disabled"
      >
        <span
          class="MuiStepConnector-line MuiStepConnector-lineHorizontal"
        />
      </div>
      <span
        class="MuiStepLabel-root MuiStepLabel-horizontal Mui-disabled MuiStepLabel-alternativeLabel"
      >
        <span
          class="MuiStepLabel-iconContainer MuiStepLabel-alternativeLabel"
        >
          <svg
            aria-hidden="true"
            class="MuiSvgIcon-root MuiStepIcon-root"
            focusable="false"
            viewBox="0 0 24 24"
          >
            <circle
              cx="12"
              cy="12"
              r="12"
            />
            <text
              class="MuiStepIcon-text"
              text-anchor="middle"
              x="12"
              y="16"
            >
              2
            </text>
          </svg>
        </span>
        <span
          class="MuiStepLabel-labelContainer"
        >
          <span
            class="MuiTypography-root MuiStepLabel-label MuiStepLabel-alternativeLabel MuiTypography-body2 MuiTypography-displayBlock"
          >
            1
          </span>
        </span>
      </span>
    </div>
    <div
      class="MuiStep-root MuiStep-horizontal MuiStep-alternativeLabel"
    >
      <div
        class="MuiStepConnector-root MuiStepConnector-horizontal MuiStepConnector-alternativeLabel Mui-disabled"
      >
        <span
          class="MuiStepConnector-line MuiStepConnector-lineHorizontal"
        />
      </div>
      <span
        class="MuiStepLabel-root MuiStepLabel-horizontal Mui-disabled MuiStepLabel-alternativeLabel"
      >
        <span
          class="MuiStepLabel-iconContainer MuiStepLabel-alternativeLabel"
        >
          <svg
            aria-hidden="true"
            class="MuiSvgIcon-root MuiStepIcon-root"
            focusable="false"
            viewBox="0 0 24 24"
          >
            <circle
              cx="12"
              cy="12"
              r="12"
            />
            <text
              class="MuiStepIcon-text"
              text-anchor="middle"
              x="12"
              y="16"
            >
              3
            </text>
          </svg>
        </span>
        <span
          class="MuiStepLabel-labelContainer"
        >
          <span
            class="MuiTypography-root MuiStepLabel-label MuiStepLabel-alternativeLabel MuiTypography-body2 MuiTypography-displayBlock"
          >
            2
          </span>
        </span>
      </span>
    </div>
    <div
      class="MuiStep-root MuiStep-horizontal MuiStep-alternativeLabel"
    >
      <div
        class="MuiStepConnector-root MuiStepConnector-horizontal MuiStepConnector-alternativeLabel Mui-disabled"
      >
        <span
          class="MuiStepConnector-line MuiStepConnector-lineHorizontal"
        />
      </div>
      <span
        class="MuiStepLabel-root MuiStepLabel-horizontal Mui-disabled MuiStepLabel-alternativeLabel"
      >
        <span
          class="MuiStepLabel-iconContainer MuiStepLabel-alternativeLabel"
        >
          <svg
            aria-hidden="true"
            class="MuiSvgIcon-root MuiStepIcon-root"
            focusable="false"
            viewBox="0 0 24 24"
          >
            <circle
              cx="12"
              cy="12"
              r="12"
            />
            <text
              class="MuiStepIcon-text"
              text-anchor="middle"
              x="12"
              y="16"
            >
              4
            </text>
          </svg>
        </span>
        <span
          class="MuiStepLabel-labelContainer"
        >
          <span
            class="MuiTypography-root MuiStepLabel-label MuiStepLabel-alternativeLabel MuiTypography-body2 MuiTypography-displayBlock"
          >
            3
          </span>
        </span>
      </span>
    </div>
    <div
      class="MuiStep-root MuiStep-horizontal MuiStep-alternativeLabel"
    >
      <div
        class="MuiStepConnector-root MuiStepConnector-horizontal MuiStepConnector-alternativeLabel Mui-disabled"
      >
        <span
          class="MuiStepConnector-line MuiStepConnector-lineHorizontal"
        />
      </div>
      <span
        class="MuiStepLabel-root MuiStepLabel-horizontal Mui-disabled MuiStepLabel-alternativeLabel"
      >
        <span
          class="MuiStepLabel-iconContainer MuiStepLabel-alternativeLabel"
        >
          <svg
            aria-hidden="true"
            class="MuiSvgIcon-root MuiStepIcon-root"
            focusable="false"
            viewBox="0 0 24 24"
          >
            <circle
              cx="12"
              cy="12"
              r="12"
            />
            <text
              class="MuiStepIcon-text"
              text-anchor="middle"
              x="12"
              y="16"
            >
              5
            </text>
          </svg>
        </span>
        <span
          class="MuiStepLabel-labelContainer"
        >
          <span
            class="MuiTypography-root MuiStepLabel-label MuiStepLabel-alternativeLabel MuiTypography-body2 MuiTypography-displayBlock"
          >
            4
          </span>
        </span>
      </span>
    </div>
  </div>
</div>
`;
